ESP-ROM:esp32s3-20210327
Build:Mar 27 2021
rst:0x1 (POWERON),boot:0x2b (SPI_FAST_FLASH_BOOT)
SPIWP:0xee
mode:DIO, clock div:1
load:0x3fce2820,len:0x10cc
load:0x403c8700,len:0xc2c
load:0x403cb700,len:0x30b0
entry 0x403c88b8

[wire] pin               state       expected
[wire] OLED SDA   (8)   HIGH       HIGH - module pull-up
[wire] OLED SCL   (9)   HIGH       HIGH - module pull-up
[wire] RTC SDA    (10)  HIGH       HIGH - module pull-up
[wire] RTC SCL    (11)  HIGH       HIGH - module pull-up
[wire] ENC SW     (12)  floating   floating or HIGH
[wire] buzzer     (13)  LOW        LOW - coil to ground
[wire] Back btn   (14)  floating   floating - NOT low
[wire] ENC A      (15)  floating   floating or HIGH
[wire] ENC B      (16)  floating   floating or HIGH
[wire] Snooze btn (18)  floating   floating - NOT low
[rtc] oscillator stopped - clock needs setting
[i2c] bus 0 (display)  0x3C   <- ok
[i2c] bus 1 (RTC)      0x57 0x68   <- ok
[test] calendar/DST: all passed
[test] scheduler/save: 54 checks, 0 failures (mock backend; no RTC/NVS writes)
[sound] output enabled; ready for user test
[ldr] raw=9  near zero - shine a light and re-check.
[test] alarm runtime using temporary settings
[alarm] 1 ringing (scheduled)
[alarm] 1 snoozed 5 min (1 of 1)
[alarm] 1 ringing (snooze)
[alarm] 1 dismissed
[alarm] 1 ringing (scheduled)
[alarm] 1 dismissed
[alarm] 2 ringing (scheduled)
[alarm] length expired
[alarm] 2 dismissed
[alarm] 3 ringing (scheduled)
[alarm] 3 snoozed 5 min (1 of 1)
[alarm] pending snoozes cancelled
[alarm] 1 ringing (scheduled)
[alarm] 1 snoozed 5 min (1 of 1)
[alarm] 1 ringing (scheduled)
[alarm] 1 snoozed 5 min (1 of 1)
[alarm] 1 ringing (snooze)
[alarm] 1 ringing (scheduled)
[alarm] 1 snoozed 9 min (1 of 1)
[alarm] 1 ringing (snooze)
[alarm] 1 ringing (scheduled)
[alarm] 1 snoozed 10 min (1 of 1)
[alarm] 1 ringing (snooze)
[alarm] 1 ringing (scheduled)
[alarm] 1 snoozed 15 min (1 of 1)
[alarm] 1 ringing (snooze)
[alarm] 1 ringing (scheduled)
[alarm] 1 snoozed 15 min (1 of 1)
[alarm] 1 ringing (snooze)
[alarm] 1 dismissed
[alarm] 1 ringing (scheduled)
[alarm] length expired
[alarm] 1 dismissed
[alarm] 1 ringing (scheduled)
[alarm] 1 ringing (scheduled)
[alarm] 1 snoozed 15 min (1 of 10)
[alarm] 1 ringing (snooze)
[alarm] 1 snoozed 15 min (2 of 10)
[alarm] 1 ringing (snooze)
[alarm] 1 snoozed 15 min (3 of 10)
[alarm] 1 ringing (snooze)
[alarm] 1 snoozed 15 min (4 of 10)
[alarm] 1 ringing (snooze)
[alarm] 1 snoozed 15 min (5 of 10)
[alarm] 1 ringing (snooze)
[alarm] 1 snoozed 15 min (6 of 10)
[alarm] 1 ringing (snooze)
[alarm] 1 snoozed 15 min (7 of 10)
[alarm] 1 ringing (snooze)
[alarm] 1 snoozed 15 min (8 of 10)
[alarm] 1 ringing (snooze)
[alarm] 1 snoozed 15 min (9 of 10)
[alarm] 1 ringing (snooze)
[alarm] 1 snoozed 15 min (10 of 10)
[alarm] 1 ringing (snooze)
[test] alarm runtime: 57 checks, 0 failures (temporary RAM settings restored)
[bench] status
[status] available=1 valid=0 standard=946684800 local=946684800 dst=0 ldr=12 brightness=1 sound=1 light=1 ringing=0 pending=0 fmt24=0
[brightness] saved_auto=1 active_auto=1 manual=1 applied=1 thresholds=500/1600 hysteresis=120
[screen] pattern=0 inverted=0 contrast=0
[buttons] snooze18=1 back14=1 select12=1 (1=released, 0=pressed)
[alarm-status] 1 enabled=1 14:24 daily=1 snoozing=0 delay_min=9 remaining_ms=0 ring_min=5 max_snoozes=3
[alarm-status] 2 enabled=1 13:48 daily=1 snoozing=0 delay_min=5 remaining_ms=0 ring_min=5 max_snoozes=3
[alarm-status] 3 enabled=0 07:00 daily=1 snoozing=0 delay_min=9 remaining_ms=0 ring_min=5 max_snoozes=3
[bench] select
[input] ENC_PRESS
[bench] cw
[input] ENC_CW
[bench] cw
[input] ENC_CW
[bench] select
[input] ENC_PRESS
[bench] cw
[input] ENC_CW
[bench] cw
[input] ENC_CW
[bench] select
[input] ENC_PRESS
[bench] status
[status] available=1 valid=0 standard=946684800 local=946684800 dst=0 ldr=12 brightness=1 sound=1 light=1 ringing=0 pending=0 fmt24=0
[brightness] saved_auto=1 active_auto=0 manual=1 applied=1 thresholds=500/1600 hysteresis=120
[screen] pattern=0 inverted=0 contrast=8
[buttons] snooze18=1 back14=1 select12=1 (1=released, 0=pressed)
[alarm-status] 1 enabled=1 14:24 daily=1 snoozing=0 delay_min=9 remaining_ms=0 ring_min=5 max_snoozes=3
[alarm-status] 2 enabled=1 13:48 daily=1 snoozing=0 delay_min=5 remaining_ms=0 ring_min=5 max_snoozes=3
[alarm-status] 3 enabled=0 07:00 daily=1 snoozing=0 delay_min=9 remaining_ms=0 ring_min=5 max_snoozes=3
[bench] cw
[input] ENC_CW
[bench] select
[input] ENC_PRESS
[bench] status
[status] available=1 valid=0 standard=946684800 local=946684800 dst=0 ldr=11 brightness=2 sound=1 light=1 ringing=0 pending=0 fmt24=0
[brightness] saved_auto=1 active_auto=0 manual=2 applied=2 thresholds=500/1600 hysteresis=120
[screen] pattern=0 inverted=0 contrast=110
[buttons] snooze18=1 back14=1 select12=1 (1=released, 0=pressed)
[alarm-status] 1 enabled=1 14:24 daily=1 snoozing=0 delay_min=9 remaining_ms=0 ring_min=5 max_snoozes=3
[alarm-status] 2 enabled=1 13:48 daily=1 snoozing=0 delay_min=5 remaining_ms=0 ring_min=5 max_snoozes=3
[alarm-status] 3 enabled=0 07:00 daily=1 snoozing=0 delay_min=9 remaining_ms=0 ring_min=5 max_snoozes=3
[bench] cw
[input] ENC_CW
[bench] select
[input] ENC_PRESS
[bench] status
[status] available=1 valid=0 standard=946684800 local=946684800 dst=0 ldr=12 brightness=3 sound=1 light=1 ringing=0 pending=0 fmt24=0
[brightness] saved_auto=1 active_auto=0 manual=3 applied=3 thresholds=500/1600 hysteresis=120
[screen] pattern=0 inverted=0 contrast=255
[buttons] snooze18=1 back14=1 select12=1 (1=released, 0=pressed)
[alarm-status] 1 enabled=1 14:24 daily=1 snoozing=0 delay_min=9 remaining_ms=0 ring_min=5 max_snoozes=3
[alarm-status] 2 enabled=1 13:48 daily=1 snoozing=0 delay_min=5 remaining_ms=0 ring_min=5 max_snoozes=3
[alarm-status] 3 enabled=0 07:00 daily=1 snoozing=0 delay_min=9 remaining_ms=0 ring_min=5 max_snoozes=3
[bench] back
[input] BACK
[bench] ccw
[input] ENC_CCW
[bench] select
[input] ENC_PRESS
[bench] back
[input] BACK
[bench] status
[status] available=1 valid=0 standard=946684800 local=946684800 dst=0 ldr=11 brightness=1 sound=1 light=1 ringing=0 pending=0 fmt24=0
[brightness] saved_auto=1 active_auto=1 manual=1 applied=1 thresholds=500/1600 hysteresis=120
[screen] pattern=0 inverted=0 contrast=0
[buttons] snooze18=1 back14=1 select12=1 (1=released, 0=pressed)
[alarm-status] 1 enabled=1 14:24 daily=1 snoozing=0 delay_min=9 remaining_ms=0 ring_min=5 max_snoozes=3
[alarm-status] 2 enabled=1 13:48 daily=1 snoozing=0 delay_min=5 remaining_ms=0 ring_min=5 max_snoozes=3
[alarm-status] 3 enabled=0 07:00 daily=1 snoozing=0 delay_min=9 remaining_ms=0 ring_min=5 max_snoozes=3
[bench] light 1
[bench] status
[status] available=1 valid=0 standard=946684800 local=946684800 dst=0 ldr=10 brightness=1 sound=1 light=1 ringing=0 pending=0 fmt24=0
[brightness] saved_auto=1 active_auto=1 manual=1 applied=1 thresholds=500/1600 hysteresis=120
[screen] pattern=1 inverted=1 contrast=255
[buttons] snooze18=1 back14=1 select12=1 (1=released, 0=pressed)
[alarm-status] 1 enabled=1 14:24 daily=1 snoozing=0 delay_min=9 remaining_ms=0 ring_min=5 max_snoozes=3
[alarm-status] 2 enabled=1 13:48 daily=1 snoozing=0 delay_min=5 remaining_ms=0 ring_min=5 max_snoozes=3
[alarm-status] 3 enabled=0 07:00 daily=1 snoozing=0 delay_min=9 remaining_ms=0 ring_min=5 max_snoozes=3
[bench] status
[status] available=1 valid=0 standard=946684800 local=946684800 dst=0 ldr=13 brightness=1 sound=1 light=1 ringing=0 pending=0 fmt24=0
[brightness] saved_auto=1 active_auto=1 manual=1 applied=1 thresholds=500/1600 hysteresis=120
[screen] pattern=0 inverted=0 contrast=0
[buttons] snooze18=1 back14=1 select12=1 (1=released, 0=pressed)
[alarm-status] 1 enabled=1 14:24 daily=1 snoozing=0 delay_min=9 remaining_ms=0 ring_min=5 max_snoozes=3
[alarm-status] 2 enabled=1 13:48 daily=1 snoozing=0 delay_min=5 remaining_ms=0 ring_min=5 max_snoozes=3
[alarm-status] 3 enabled=0 07:00 daily=1 snoozing=0 delay_min=9 remaining_ms=0 ring_min=5 max_snoozes=3
