ESP-ROM:esp32s3-20210327
Build:Mar 27 2021
rst:0x1 (POWERON),boot:0x2b (SPI_FAST_FLASH_BOOT)
SPIWP:0xee
mode:DIO, clock div:1
load:0x3fce2820,len:0x10cc
load:0x403c8700,len:0xc2c
load:0x403cb700,len:0x30b0
entry 0x403c88b8

[wire] pin               state       expected
[wire] OLED SDA   (8)   HIGH       HIGH - module pull-up
[wire] OLED SCL   (9)   HIGH       HIGH - module pull-up
[wire] RTC SDA    (10)  HIGH       HIGH - module pull-up
[wire] RTC SCL    (11)  HIGH       HIGH - module pull-up
[wire] ENC SW     (12)  floating   floating or HIGH
[wire] buzzer     (13)  LOW        LOW - coil to ground
[wire] Back btn   (14)  floating   floating - NOT low
[wire] ENC A      (15)  floating   floating or HIGH
[wire] ENC B      (16)  floating   floating or HIGH
[wire] Alarm btn  (17)  LOW        floating - NOT low
[wire] Snooze btn (18)  LOW        floating - NOT low
[wire] *** A BUTTON IS SHORTED TO GROUND AT REST ***
[wire] A 4-leg tactile switch has its two legs on each side
[wire] joined internally. Turn the switch a quarter turn so
[wire] the joined pair straddles the trench, not the columns.
[i2c] bus 0 (display)  0x3C   <- ok
[i2c] bus 1 (RTC)      0x57 0x68   <- ok
[test] calendar/DST: all passed
[test] scheduler/save: 39 checks, 0 failures (mock backend; no RTC/NVS writes)
[sound] output enabled; ready for user test
[ldr] raw=828  plausible. Log dark / room / torch and set LDR_THRESH_LO and _HI from those.
[test] alarm runtime using temporary settings
[alarm] 1 ringing (scheduled)
[alarm] 1 snoozed 1 min (1 of 1)
[alarm] 1 ringing (snooze)
[alarm] 1 dismissed
[alarm] 1 ringing (scheduled)
[alarm] 1 dismissed
[alarm] 2 ringing (scheduled)
[alarm] length expired
[alarm] 2 dismissed
[alarm] 3 ringing (scheduled)
[alarm] 3 snoozed 1 min (1 of 1)
[alarm] pending snoozes cancelled
[alarm] 1 ringing (scheduled)
[alarm] 1 snoozed 1 min (1 of 1)
[test] alarm runtime: 12 checks, 0 failures (temporary RAM settings restored)
