Processing esp32-s3-devkitc-1 (platform: https://github.com/pioarduino/platform-espressif32/releases/download/55.03.312/platform-espressif32.zip; board: esp32-s3-devkitc-1; framework: arduino)
--------------------------------------------------------------------------------
Verbose mode can be enabled via `-v, --verbose` option
CONFIGURATION: https://docs.platformio.org/page/boards/espressif32/esp32-s3-devkitc-1.html
PLATFORM: Espressif 32 (55.3.312) > Espressif ESP32-S3-DevKitC-1-N8 (8 MB QD, No PSRAM)
HARDWARE: ESP32S3 240MHz, 320KB RAM, 8MB Flash
DEBUG: Current (esp-builtin) On-board (esp-builtin) External (cmsis-dap, esp-bridge, esp-prog, esp-prog-2, iot-bus-jtag, jlink, minimodule, olimex-arm-usb-ocd, olimex-arm-usb-ocd-h, olimex-arm-usb-tiny-h, olimex-jtag-tiny, tumpa)
PACKAGES: 
 - contrib-piohome @ 3.4.4 
 - framework-arduinoespressif32 @ 3.3.12 
 - framework-arduinoespressif32-libs @ 5.5.5+sha.b774170ff46 
 - tool-esptoolpy @ 5.4.0 
 - tool-xtensa-esp-elf-gdb @ 17.1.0+20260402 
 - toolchain-xtensa-esp-elf @ 14.2.0+20260121
LDF: Library Dependency Finder -> https://bit.ly/configure-pio-ldf
LDF Modes: Finder ~ chain, Compatibility ~ soft
Found 47 compatible libraries
Scanning dependencies...
Dependency Graph
|-- U8g2 @ 2.36.18
|-- RTClib @ 2.1.4
|-- Wire @ 3.3.12
|-- Preferences @ 3.3.12
Building in release mode
Compiling .pio/build/esp32-s3-devkitc-1/lib86a/SPI/SPI.cpp.o
Compiling .pio/build/esp32-s3-devkitc-1/libc0d/Wire/Wire.cpp.o
Compiling .pio/build/esp32-s3-devkitc-1/libd70/U8g2/U8g2lib.cpp.o
Compiling .pio/build/esp32-s3-devkitc-1/libd70/U8g2/U8x8lib.cpp.o
Compiling .pio/build/esp32-s3-devkitc-1/libd70/U8g2/clib/mui.c.o
Compiling .pio/build/esp32-s3-devkitc-1/libd70/U8g2/clib/mui_u8g2.c.o
Compiling .pio/build/esp32-s3-devkitc-1/libd70/U8g2/clib/u8g2_arc.c.o
Compiling .pio/build/esp32-s3-devkitc-1/libd70/U8g2/clib/u8g2_bitmap.c.o
Compiling .pio/build/esp32-s3-devkitc-1/libd70/U8g2/clib/u8g2_box.c.o
Compiling .pio/build/esp32-s3-devkitc-1/libd70/U8g2/clib/u8g2_buffer.c.o
Compiling .pio/build/esp32-s3-devkitc-1/libd70/U8g2/clib/u8g2_button.c.o
Compiling .pio/build/esp32-s3-devkitc-1/libd70/U8g2/clib/u8g2_circle.c.o
Compiling .pio/build/esp32-s3-devkitc-1/libd70/U8g2/clib/u8g2_cleardisplay.c.o
Compiling .pio/build/esp32-s3-devkitc-1/libd70/U8g2/clib/u8g2_d_memory.c.o
Compiling .pio/build/esp32-s3-devkitc-1/libd70/U8g2/clib/u8g2_d_setup.c.o
Compiling .pio/build/esp32-s3-devkitc-1/libd70/U8g2/clib/u8g2_font.c.o
Compiling .pio/build/esp32-s3-devkitc-1/libd70/U8g2/clib/u8g2_fonts.c.o
Compiling .pio/build/esp32-s3-devkitc-1/libd70/U8g2/clib/u8g2_hvline.c.o
Compiling .pio/build/esp32-s3-devkitc-1/libd70/U8g2/clib/u8g2_input_value.c.o
Compiling .pio/build/esp32-s3-devkitc-1/libd70/U8g2/clib/u8g2_intersection.c.o
Compiling .pio/build/esp32-s3-devkitc-1/libd70/U8g2/clib/u8g2_kerning.c.o
Compiling .pio/build/esp32-s3-devkitc-1/libd70/U8g2/clib/u8g2_line.c.o
Compiling .pio/build/esp32-s3-devkitc-1/libd70/U8g2/clib/u8g2_ll_hvline.c.o
Compiling .pio/build/esp32-s3-devkitc-1/libd70/U8g2/clib/u8g2_message.c.o
Compiling .pio/build/esp32-s3-devkitc-1/libd70/U8g2/clib/u8g2_polygon.c.o
Compiling .pio/build/esp32-s3-devkitc-1/libd70/U8g2/clib/u8g2_selection_list.c.o
Compiling .pio/build/esp32-s3-devkitc-1/libd70/U8g2/clib/u8g2_setup.c.o
Compiling .pio/build/esp32-s3-devkitc-1/libd70/U8g2/clib/u8log.c.o
Compiling .pio/build/esp32-s3-devkitc-1/libd70/U8g2/clib/u8log_u8g2.c.o
Compiling .pio/build/esp32-s3-devkitc-1/libd70/U8g2/clib/u8log_u8x8.c.o
Compiling .pio/build/esp32-s3-devkitc-1/libd70/U8g2/clib/u8x8_8x8.c.o
Compiling .pio/build/esp32-s3-devkitc-1/libd70/U8g2/clib/u8x8_byte.c.o
Compiling .pio/build/esp32-s3-devkitc-1/libd70/U8g2/clib/u8x8_cad.c.o
Compiling .pio/build/esp32-s3-devkitc-1/libd70/U8g2/clib/u8x8_capture.c.o
Compiling .pio/build/esp32-s3-devkitc-1/libd70/U8g2/clib/u8x8_d_a2printer.c.o
Compiling .pio/build/esp32-s3-devkitc-1/libd70/U8g2/clib/u8x8_d_ch1120.c.o
Compiling .pio/build/esp32-s3-devkitc-1/libd70/U8g2/clib/u8x8_d_gp1247ai.c.o
Compiling .pio/build/esp32-s3-devkitc-1/libd70/U8g2/clib/u8x8_d_gp1287ai.c.o
Compiling .pio/build/esp32-s3-devkitc-1/libd70/U8g2/clib/u8x8_d_gp1294ai.c.o
Compiling .pio/build/esp32-s3-devkitc-1/libd70/U8g2/clib/u8x8_d_gu800.c.o
Compiling .pio/build/esp32-s3-devkitc-1/libd70/U8g2/clib/u8x8_d_hd44102.c.o
Compiling .pio/build/esp32-s3-devkitc-1/libd70/U8g2/clib/u8x8_d_il3820_296x128.c.o
Compiling .pio/build/esp32-s3-devkitc-1/libd70/U8g2/clib/u8x8_d_ist3020.c.o
Compiling .pio/build/esp32-s3-devkitc-1/libd70/U8g2/clib/u8x8_d_ist3088.c.o
Compiling .pio/build/esp32-s3-devkitc-1/libd70/U8g2/clib/u8x8_d_ist7920.c.o
Compiling .pio/build/esp32-s3-devkitc-1/libd70/U8g2/clib/u8x8_d_ks0108.c.o
Compiling .pio/build/esp32-s3-devkitc-1/libd70/U8g2/clib/u8x8_d_lc7981.c.o
Compiling .pio/build/esp32-s3-devkitc-1/libd70/U8g2/clib/u8x8_d_ld7032_60x32.c.o
Compiling .pio/build/esp32-s3-devkitc-1/libd70/U8g2/clib/u8x8_d_ls013b7dh03.c.o
Compiling .pio/build/esp32-s3-devkitc-1/libd70/U8g2/clib/u8x8_d_max7219.c.o
Compiling .pio/build/esp32-s3-devkitc-1/libd70/U8g2/clib/u8x8_d_pcd8544_84x48.c.o
Compiling .pio/build/esp32-s3-devkitc-1/libd70/U8g2/clib/u8x8_d_pcf8812.c.o
Compiling .pio/build/esp32-s3-devkitc-1/libd70/U8g2/clib/u8x8_d_pcf8814_hx1230.c.o
Compiling .pio/build/esp32-s3-devkitc-1/libd70/U8g2/clib/u8x8_d_s1d15300.c.o
Compiling .pio/build/esp32-s3-devkitc-1/libd70/U8g2/clib/u8x8_d_s1d15721.c.o
Compiling .pio/build/esp32-s3-devkitc-1/libd70/U8g2/clib/u8x8_d_s1d15e06.c.o
Compiling .pio/build/esp32-s3-devkitc-1/libd70/U8g2/clib/u8x8_d_sbn1661.c.o
Compiling .pio/build/esp32-s3-devkitc-1/libd70/U8g2/clib/u8x8_d_sed1330.c.o
Compiling .pio/build/esp32-s3-devkitc-1/libd70/U8g2/clib/u8x8_d_sh1106_64x32.c.o
Compiling .pio/build/esp32-s3-devkitc-1/libd70/U8g2/clib/u8x8_d_sh1106_72x40.c.o
Compiling .pio/build/esp32-s3-devkitc-1/libd70/U8g2/clib/u8x8_d_sh1107.c.o
Compiling .pio/build/esp32-s3-devkitc-1/libd70/U8g2/clib/u8x8_d_sh1108.c.o
Compiling .pio/build/esp32-s3-devkitc-1/libd70/U8g2/clib/u8x8_d_sh1122.c.o
Compiling .pio/build/esp32-s3-devkitc-1/libd70/U8g2/clib/u8x8_d_ssd1305.c.o
Compiling .pio/build/esp32-s3-devkitc-1/libd70/U8g2/clib/u8x8_d_ssd1306_128x32.c.o
Compiling .pio/build/esp32-s3-devkitc-1/libd70/U8g2/clib/u8x8_d_ssd1306_128x64_noname.c.o
Compiling .pio/build/esp32-s3-devkitc-1/libd70/U8g2/clib/u8x8_d_ssd1306_2040x16.c.o
Compiling .pio/build/esp32-s3-devkitc-1/libd70/U8g2/clib/u8x8_d_ssd1306_48x64.c.o
Compiling .pio/build/esp32-s3-devkitc-1/libd70/U8g2/clib/u8x8_d_ssd1306_64x32.c.o
Compiling .pio/build/esp32-s3-devkitc-1/libd70/U8g2/clib/u8x8_d_ssd1306_64x48.c.o
Compiling .pio/build/esp32-s3-devkitc-1/libd70/U8g2/clib/u8x8_d_ssd1306_72x40.c.o
Compiling .pio/build/esp32-s3-devkitc-1/libd70/U8g2/clib/u8x8_d_ssd1306_96x16.c.o
Compiling .pio/build/esp32-s3-devkitc-1/libd70/U8g2/clib/u8x8_d_ssd1306_96x40.c.o
Compiling .pio/build/esp32-s3-devkitc-1/libd70/U8g2/clib/u8x8_d_ssd1309.c.o
Compiling .pio/build/esp32-s3-devkitc-1/libd70/U8g2/clib/u8x8_d_ssd1312.c.o
Compiling .pio/build/esp32-s3-devkitc-1/libd70/U8g2/clib/u8x8_d_ssd1315_128x64_noname.c.o
Compiling .pio/build/esp32-s3-devkitc-1/libd70/U8g2/clib/u8x8_d_ssd1316.c.o
Compiling .pio/build/esp32-s3-devkitc-1/libd70/U8g2/clib/u8x8_d_ssd1317.c.o
Compiling .pio/build/esp32-s3-devkitc-1/libd70/U8g2/clib/u8x8_d_ssd1318.c.o
Compiling .pio/build/esp32-s3-devkitc-1/libd70/U8g2/clib/u8x8_d_ssd1320.c.o
Compiling .pio/build/esp32-s3-devkitc-1/libd70/U8g2/clib/u8x8_d_ssd1322.c.o
Compiling .pio/build/esp32-s3-devkitc-1/libd70/U8g2/clib/u8x8_d_ssd1325.c.o
Compiling .pio/build/esp32-s3-devkitc-1/libd70/U8g2/clib/u8x8_d_ssd1326.c.o
Compiling .pio/build/esp32-s3-devkitc-1/libd70/U8g2/clib/u8x8_d_ssd1327.c.o
Compiling .pio/build/esp32-s3-devkitc-1/libd70/U8g2/clib/u8x8_d_ssd1329.c.o
Compiling .pio/build/esp32-s3-devkitc-1/libd70/U8g2/clib/u8x8_d_ssd1362.c.o
Compiling .pio/build/esp32-s3-devkitc-1/libd70/U8g2/clib/u8x8_d_ssd1362z.c.o
Compiling .pio/build/esp32-s3-devkitc-1/libd70/U8g2/clib/u8x8_d_ssd1363.c.o
Compiling .pio/build/esp32-s3-devkitc-1/libd70/U8g2/clib/u8x8_d_ssd1606_172x72.c.o
Compiling .pio/build/esp32-s3-devkitc-1/libd70/U8g2/clib/u8x8_d_ssd1607_200x200.c.o
Compiling .pio/build/esp32-s3-devkitc-1/libd70/U8g2/clib/u8x8_d_st7301.c.o
Compiling .pio/build/esp32-s3-devkitc-1/libd70/U8g2/clib/u8x8_d_st7302.c.o
Compiling .pio/build/esp32-s3-devkitc-1/libd70/U8g2/clib/u8x8_d_st7305.c.o
Compiling .pio/build/esp32-s3-devkitc-1/libd70/U8g2/clib/u8x8_d_st7511.c.o
Compiling .pio/build/esp32-s3-devkitc-1/libd70/U8g2/clib/u8x8_d_st75160.c.o
Compiling .pio/build/esp32-s3-devkitc-1/libd70/U8g2/clib/u8x8_d_st75161.c.o
Compiling .pio/build/esp32-s3-devkitc-1/libd70/U8g2/clib/u8x8_d_st75256.c.o
Compiling .pio/build/esp32-s3-devkitc-1/libd70/U8g2/clib/u8x8_d_st7528.c.o
Compiling .pio/build/esp32-s3-devkitc-1/libd70/U8g2/clib/u8x8_d_st75320.c.o
Compiling .pio/build/esp32-s3-devkitc-1/libd70/U8g2/clib/u8x8_d_st7539.c.o
Compiling .pio/build/esp32-s3-devkitc-1/libd70/U8g2/clib/u8x8_d_st7565.c.o
Compiling .pio/build/esp32-s3-devkitc-1/libd70/U8g2/clib/u8x8_d_st7567.c.o
Compiling .pio/build/esp32-s3-devkitc-1/libd70/U8g2/clib/u8x8_d_st7571.c.o
Compiling .pio/build/esp32-s3-devkitc-1/libd70/U8g2/clib/u8x8_d_st7586s_erc240160.c.o
Compiling .pio/build/esp32-s3-devkitc-1/libd70/U8g2/clib/u8x8_d_st7586s_jlx320160.c.o
Compiling .pio/build/esp32-s3-devkitc-1/libd70/U8g2/clib/u8x8_d_st7586s_jlx384160.c.o
Compiling .pio/build/esp32-s3-devkitc-1/libd70/U8g2/clib/u8x8_d_st7586s_md240128.c.o
Compiling .pio/build/esp32-s3-devkitc-1/libd70/U8g2/clib/u8x8_d_st7586s_s028hn118a.c.o
Compiling .pio/build/esp32-s3-devkitc-1/libd70/U8g2/clib/u8x8_d_st7586s_ymc240160.c.o
Compiling .pio/build/esp32-s3-devkitc-1/libd70/U8g2/clib/u8x8_d_st7588.c.o
Compiling .pio/build/esp32-s3-devkitc-1/libd70/U8g2/clib/u8x8_d_st7920.c.o
Compiling .pio/build/esp32-s3-devkitc-1/libd70/U8g2/clib/u8x8_d_t6963.c.o
Compiling .pio/build/esp32-s3-devkitc-1/libd70/U8g2/clib/u8x8_d_uc1601.c.o
Compiling .pio/build/esp32-s3-devkitc-1/libd70/U8g2/clib/u8x8_d_uc1604.c.o
Compiling .pio/build/esp32-s3-devkitc-1/libd70/U8g2/clib/u8x8_d_uc1608.c.o
Compiling .pio/build/esp32-s3-devkitc-1/libd70/U8g2/clib/u8x8_d_uc1609.c.o
Compiling .pio/build/esp32-s3-devkitc-1/libd70/U8g2/clib/u8x8_d_uc1610.c.o
Compiling .pio/build/esp32-s3-devkitc-1/libd70/U8g2/clib/u8x8_d_uc1611.c.o
Compiling .pio/build/esp32-s3-devkitc-1/libd70/U8g2/clib/u8x8_d_uc1617.c.o
Compiling .pio/build/esp32-s3-devkitc-1/libd70/U8g2/clib/u8x8_d_uc1628.c.o
Compiling .pio/build/esp32-s3-devkitc-1/libd70/U8g2/clib/u8x8_d_uc1638.c.o
Compiling .pio/build/esp32-s3-devkitc-1/libd70/U8g2/clib/u8x8_d_uc1698.c.o
Compiling .pio/build/esp32-s3-devkitc-1/libd70/U8g2/clib/u8x8_d_uc1701_dogs102.c.o
Compiling .pio/build/esp32-s3-devkitc-1/libd70/U8g2/clib/u8x8_d_uc1701_mini12864.c.o
Compiling .pio/build/esp32-s3-devkitc-1/libd70/U8g2/clib/u8x8_debounce.c.o
Compiling .pio/build/esp32-s3-devkitc-1/libd70/U8g2/clib/u8x8_display.c.o
Compiling .pio/build/esp32-s3-devkitc-1/libd70/U8g2/clib/u8x8_fonts.c.o
Compiling .pio/build/esp32-s3-devkitc-1/libd70/U8g2/clib/u8x8_gpio.c.o
Compiling .pio/build/esp32-s3-devkitc-1/libd70/U8g2/clib/u8x8_input_value.c.o
Compiling .pio/build/esp32-s3-devkitc-1/libd70/U8g2/clib/u8x8_message.c.o
Compiling .pio/build/esp32-s3-devkitc-1/libd70/U8g2/clib/u8x8_selection_list.c.o
Compiling .pio/build/esp32-s3-devkitc-1/libd70/U8g2/clib/u8x8_setup.c.o
Compiling .pio/build/esp32-s3-devkitc-1/libd70/U8g2/clib/u8x8_string.c.o
Compiling .pio/build/esp32-s3-devkitc-1/libd70/U8g2/clib/u8x8_u16toa.c.o
Compiling .pio/build/esp32-s3-devkitc-1/libd70/U8g2/clib/u8x8_u8toa.c.o
Compiling .pio/build/esp32-s3-devkitc-1/lib527/Adafruit BusIO/Adafruit_BusIO_Register.cpp.o
Compiling .pio/build/esp32-s3-devkitc-1/lib527/Adafruit BusIO/Adafruit_GenericDevice.cpp.o
Compiling .pio/build/esp32-s3-devkitc-1/lib527/Adafruit BusIO/Adafruit_I2CDevice.cpp.o
Compiling .pio/build/esp32-s3-devkitc-1/lib527/Adafruit BusIO/Adafruit_SPIDevice.cpp.o
Compiling .pio/build/esp32-s3-devkitc-1/libc54/RTClib/RTC_DS1307.cpp.o
Compiling .pio/build/esp32-s3-devkitc-1/libc54/RTClib/RTC_DS3231.cpp.o
Compiling .pio/build/esp32-s3-devkitc-1/libc54/RTClib/RTC_Micros.cpp.o
Compiling .pio/build/esp32-s3-devkitc-1/libc54/RTClib/RTC_Millis.cpp.o
Compiling .pio/build/esp32-s3-devkitc-1/libc54/RTClib/RTC_PCF8523.cpp.o
Compiling .pio/build/esp32-s3-devkitc-1/libc54/RTClib/RTC_PCF8563.cpp.o
Compiling .pio/build/esp32-s3-devkitc-1/libc54/RTClib/RTClib.cpp.o
Compiling .pio/build/esp32-s3-devkitc-1/libeba/Preferences/Preferences.cpp.o
Compiling .pio/build/esp32-s3-devkitc-1/src/input.cpp.o
Compiling .pio/build/esp32-s3-devkitc-1/src/main.cpp.o
Compiling .pio/build/esp32-s3-devkitc-1/src/save.cpp.o
Compiling .pio/build/esp32-s3-devkitc-1/src/scheduler.cpp.o
Compiling .pio/build/esp32-s3-devkitc-1/src/selftest.cpp.o
Compiling .pio/build/esp32-s3-devkitc-1/src/settings.cpp.o
Compiling .pio/build/esp32-s3-devkitc-1/src/ui.cpp.o
Building .pio/build/esp32-s3-devkitc-1/bootloader.bin
Generating partitions .pio/build/esp32-s3-devkitc-1/partitions.bin
Compiling .pio/build/esp32-s3-devkitc-1/FrameworkArduino/ColorFormat.c.o
esptool v5.4.0
Creating ESP32-S3 image...
Merged 2 ELF sections.
Successfully created ESP32-S3 image.
Compiling .pio/build/esp32-s3-devkitc-1/FrameworkArduino/Esp.cpp.o
Compiling .pio/build/esp32-s3-devkitc-1/FrameworkArduino/FirmwareMSC.cpp.o
Compiling .pio/build/esp32-s3-devkitc-1/FrameworkArduino/FunctionalInterrupt.cpp.o
Compiling .pio/build/esp32-s3-devkitc-1/FrameworkArduino/HEXBuilder.cpp.o
Compiling .pio/build/esp32-s3-devkitc-1/FrameworkArduino/HWCDC.cpp.o
Compiling .pio/build/esp32-s3-devkitc-1/FrameworkArduino/HardwareSerial.cpp.o
Compiling .pio/build/esp32-s3-devkitc-1/FrameworkArduino/HashBuilder.cpp.o
Compiling .pio/build/esp32-s3-devkitc-1/FrameworkArduino/IPAddress.cpp.o
Compiling .pio/build/esp32-s3-devkitc-1/FrameworkArduino/MD5Builder.cpp.o
Compiling .pio/build/esp32-s3-devkitc-1/FrameworkArduino/MacAddress.cpp.o
Compiling .pio/build/esp32-s3-devkitc-1/FrameworkArduino/Print.cpp.o
Compiling .pio/build/esp32-s3-devkitc-1/FrameworkArduino/Stream.cpp.o
Compiling .pio/build/esp32-s3-devkitc-1/FrameworkArduino/StreamString.cpp.o
Compiling .pio/build/esp32-s3-devkitc-1/FrameworkArduino/StringUtils.cpp.o
Compiling .pio/build/esp32-s3-devkitc-1/FrameworkArduino/Tone.cpp.o
Compiling .pio/build/esp32-s3-devkitc-1/FrameworkArduino/USB.cpp.o
Compiling .pio/build/esp32-s3-devkitc-1/FrameworkArduino/USBCDC.cpp.o
Compiling .pio/build/esp32-s3-devkitc-1/FrameworkArduino/USBHost.cpp.o
Compiling .pio/build/esp32-s3-devkitc-1/FrameworkArduino/USBMSC.cpp.o
Compiling .pio/build/esp32-s3-devkitc-1/FrameworkArduino/WMath.cpp.o
Compiling .pio/build/esp32-s3-devkitc-1/FrameworkArduino/WString.cpp.o
Compiling .pio/build/esp32-s3-devkitc-1/FrameworkArduino/base64.cpp.o
Compiling .pio/build/esp32-s3-devkitc-1/FrameworkArduino/cbuf.cpp.o
Compiling .pio/build/esp32-s3-devkitc-1/FrameworkArduino/chip-debug-report.cpp.o
Compiling .pio/build/esp32-s3-devkitc-1/FrameworkArduino/esp32-hal-adc.c.o
Compiling .pio/build/esp32-s3-devkitc-1/FrameworkArduino/esp32-hal-bt.c.o
Compiling .pio/build/esp32-s3-devkitc-1/FrameworkArduino/esp32-hal-cpu.c.o
Compiling .pio/build/esp32-s3-devkitc-1/FrameworkArduino/esp32-hal-dac.c.o
Compiling .pio/build/esp32-s3-devkitc-1/FrameworkArduino/esp32-hal-gpio.c.o
Compiling .pio/build/esp32-s3-devkitc-1/FrameworkArduino/esp32-hal-hosted.c.o
Compiling .pio/build/esp32-s3-devkitc-1/FrameworkArduino/esp32-hal-i2c-ng.c.o
Compiling .pio/build/esp32-s3-devkitc-1/FrameworkArduino/esp32-hal-i2c-slave.c.o
Compiling .pio/build/esp32-s3-devkitc-1/FrameworkArduino/esp32-hal-i2c.c.o
Compiling .pio/build/esp32-s3-devkitc-1/FrameworkArduino/esp32-hal-ldo.c.o
Compiling .pio/build/esp32-s3-devkitc-1/FrameworkArduino/esp32-hal-ledc.c.o
Compiling .pio/build/esp32-s3-devkitc-1/FrameworkArduino/esp32-hal-log-wrapper.c.o
Compiling .pio/build/esp32-s3-devkitc-1/FrameworkArduino/esp32-hal-matrix.c.o
Compiling .pio/build/esp32-s3-devkitc-1/FrameworkArduino/esp32-hal-misc.c.o
Compiling .pio/build/esp32-s3-devkitc-1/FrameworkArduino/esp32-hal-periman.c.o
Compiling .pio/build/esp32-s3-devkitc-1/FrameworkArduino/esp32-hal-psram.c.o
Compiling .pio/build/esp32-s3-devkitc-1/FrameworkArduino/esp32-hal-rgb-led.c.o
Compiling .pio/build/esp32-s3-devkitc-1/FrameworkArduino/esp32-hal-rmt.c.o
Compiling .pio/build/esp32-s3-devkitc-1/FrameworkArduino/esp32-hal-sigmadelta.c.o
Compiling .pio/build/esp32-s3-devkitc-1/FrameworkArduino/esp32-hal-spi.c.o
Compiling .pio/build/esp32-s3-devkitc-1/FrameworkArduino/esp32-hal-time.c.o
Compiling .pio/build/esp32-s3-devkitc-1/FrameworkArduino/esp32-hal-timer.c.o
Compiling .pio/build/esp32-s3-devkitc-1/FrameworkArduino/esp32-hal-tinyusb.c.o
Compiling .pio/build/esp32-s3-devkitc-1/FrameworkArduino/esp32-hal-touch-ng.c.o
Compiling .pio/build/esp32-s3-devkitc-1/FrameworkArduino/esp32-hal-touch.c.o
Compiling .pio/build/esp32-s3-devkitc-1/FrameworkArduino/esp32-hal-uart.c.o
Compiling .pio/build/esp32-s3-devkitc-1/FrameworkArduino/firmware_msc_fat.c.o
Compiling .pio/build/esp32-s3-devkitc-1/FrameworkArduino/freertos_stats.cpp.o
Compiling .pio/build/esp32-s3-devkitc-1/FrameworkArduino/idf_openthread_mpool_wrapper.c.o
Compiling .pio/build/esp32-s3-devkitc-1/FrameworkArduino/libb64/cdecode.c.o
Compiling .pio/build/esp32-s3-devkitc-1/FrameworkArduino/libb64/cencode.c.o
Compiling .pio/build/esp32-s3-devkitc-1/FrameworkArduino/main.cpp.o
Compiling .pio/build/esp32-s3-devkitc-1/FrameworkArduino/stdlib_noniso.c.o
Compiling .pio/build/esp32-s3-devkitc-1/FrameworkArduino/wiring_pulse.c.o
Compiling .pio/build/esp32-s3-devkitc-1/FrameworkArduino/wiring_shift.c.o
Archiving .pio/build/esp32-s3-devkitc-1/libFrameworkArduino.a
Indexing .pio/build/esp32-s3-devkitc-1/libFrameworkArduino.a
Linking .pio/build/esp32-s3-devkitc-1/firmware.elf
Memory Type Usage Summary
┏━━━━━━━━━━━━━━━━━━━━━┳━━━━━━━━━━━━━━┳━━━━━━━━━━┳━━━━━━━━━━━━━━━━┳━━━━━━━━━━━━━━━┓
┃ Memory Type/Section ┃ Used [bytes] ┃ Used [%] ┃ Remain [bytes] ┃ Total [bytes] ┃
┡━━━━━━━━━━━━━━━━━━━━━╇━━━━━━━━━━━━━━╇━━━━━━━━━━╇━━━━━━━━━━━━━━━━╇━━━━━━━━━━━━━━━┩
│ Flash Code          │       247244 │          │                │               │
│    .text            │       247244 │          │                │               │
│ Flash Data          │       104096 │          │                │               │
│    .rodata          │        95700 │          │                │               │
│    .eh_frame        │         8140 │          │                │               │
│    .appdesc         │          256 │          │                │               │
│ DIRAM               │        84015 │    24.58 │         257745 │        341760 │
│    .text            │        57491 │    16.82 │                │               │
│    .data            │        15692 │     4.59 │                │               │
│    .bss             │        10832 │     3.17 │                │               │
│ IRAM                │        16384 │    100.0 │              0 │         16384 │
│    .text            │        15356 │    93.73 │                │               │
│    .vectors         │         1028 │     6.27 │                │               │
└─────────────────────┴──────────────┴──────────┴────────────────┴───────────────┘
Total image size: 440907 bytes (.bin may be padded larger)
Note: The reported total sizes may be smaller than those in the technical reference manual due to reserved memory and application configuration. The total flash size available for the application is not included by default, as it cannot be reliably determined due to the presence of other data like the bootloader, partition table, and application partition size.
Retrieving maximum program size .pio/build/esp32-s3-devkitc-1/firmware.elf
Checking size .pio/build/esp32-s3-devkitc-1/firmware.elf
Advanced Memory Usage is available via "PlatformIO Home > Project Inspect"
RAM:   [=         ]   8.1% (used 26524 bytes from 327680 bytes)
Flash: [=         ]  12.9% (used 432511 bytes from 3342336 bytes)
Building .pio/build/esp32-s3-devkitc-1/firmware.bin with action:
  $OBJCOPY $ELF2BINFLAGS -o "$TARGET" "$SOURCES"
Building .pio/build/esp32-s3-devkitc-1/firmware.bin
esptool v5.4.0
Creating ESP32-S3 image...
Merged 3 ELF sections.
Successfully created ESP32-S3 image.
Creating binary "firmware.factory.bin" with:
    Offset   | File
 -  0x0000   | bootloader.bin
 -  0x8000   | partitions.bin
 -  0xe000   | boot_app0.bin
 -  0x10000  | firmware.bin
Successfully created combined binary image.
========================= [SUCCESS] Took 18.06 seconds =========================
