Processing esp32-s3-devkitc-1 (platform: https://github.com/pioarduino/platform-espressif32/releases/download/55.03.312/platform-espressif32.zip; board: esp32-s3-devkitc-1; framework: arduino)
--------------------------------------------------------------------------------
Verbose mode can be enabled via `-v, --verbose` option
CONFIGURATION: https://docs.platformio.org/page/boards/espressif32/esp32-s3-devkitc-1.html
PLATFORM: Espressif 32 (55.3.312) > Espressif ESP32-S3-DevKitC-1-N8 (8 MB QD, No PSRAM)
HARDWARE: ESP32S3 240MHz, 320KB RAM, 8MB Flash
DEBUG: Current (esp-builtin) On-board (esp-builtin) External (cmsis-dap, esp-bridge, esp-prog, esp-prog-2, iot-bus-jtag, jlink, minimodule, olimex-arm-usb-ocd, olimex-arm-usb-ocd-h, olimex-arm-usb-tiny-h, olimex-jtag-tiny, tumpa)
PACKAGES: 
 - contrib-piohome @ 3.4.4 
 - framework-arduinoespressif32 @ 3.3.12 
 - framework-arduinoespressif32-libs @ 5.5.5+sha.b774170ff46 
 - tool-esptoolpy @ 5.4.0 
 - tool-xtensa-esp-elf-gdb @ 17.1.0+20260402 
 - toolchain-xtensa-esp-elf @ 14.2.0+20260121
LDF: Library Dependency Finder -> https://bit.ly/configure-pio-ldf
LDF Modes: Finder ~ chain, Compatibility ~ soft
Found 47 compatible libraries
Scanning dependencies...
Dependency Graph
|-- U8g2 @ 2.36.18
|-- RTClib @ 2.1.4
|-- Wire @ 3.3.12
|-- Preferences @ 3.3.12
Building in release mode
Compiling .pio/build/esp32-s3-devkitc-1/src/input.cpp.o
Compiling .pio/build/esp32-s3-devkitc-1/src/main.cpp.o
Compiling .pio/build/esp32-s3-devkitc-1/src/save.cpp.o
Compiling .pio/build/esp32-s3-devkitc-1/src/scheduler.cpp.o
Compiling .pio/build/esp32-s3-devkitc-1/src/selftest.cpp.o
Compiling .pio/build/esp32-s3-devkitc-1/src/settings.cpp.o
Compiling .pio/build/esp32-s3-devkitc-1/src/ui.cpp.o
Linking .pio/build/esp32-s3-devkitc-1/firmware.elf
Memory Type Usage Summary
┏━━━━━━━━━━━━━━━━━━━━━┳━━━━━━━━━━━━━━┳━━━━━━━━━━┳━━━━━━━━━━━━━━━━┳━━━━━━━━━━━━━━━┓
┃ Memory Type/Section ┃ Used [bytes] ┃ Used [%] ┃ Remain [bytes] ┃ Total [bytes] ┃
┡━━━━━━━━━━━━━━━━━━━━━╇━━━━━━━━━━━━━━╇━━━━━━━━━━╇━━━━━━━━━━━━━━━━╇━━━━━━━━━━━━━━━┩
│ Flash Code          │       246040 │          │                │               │
│    .text            │       246040 │          │                │               │
│ Flash Data          │       103320 │          │                │               │
│    .rodata          │        94996 │          │                │               │
│    .eh_frame        │         8068 │          │                │               │
│    .appdesc         │          256 │          │                │               │
│ DIRAM               │        83999 │    24.58 │         257761 │        341760 │
│    .text            │        57491 │    16.82 │                │               │
│    .data            │        15676 │     4.59 │                │               │
│    .bss             │        10832 │     3.17 │                │               │
│ IRAM                │        16384 │    100.0 │              0 │         16384 │
│    .text            │        15356 │    93.73 │                │               │
│    .vectors         │         1028 │     6.27 │                │               │
└─────────────────────┴──────────────┴──────────┴────────────────┴───────────────┘
Total image size: 438911 bytes (.bin may be padded larger)
Note: The reported total sizes may be smaller than those in the technical reference manual due to reserved memory and application configuration. The total flash size available for the application is not included by default, as it cannot be reliably determined due to the presence of other data like the bootloader, partition table, and application partition size.
Retrieving maximum program size .pio/build/esp32-s3-devkitc-1/firmware.elf
Checking size .pio/build/esp32-s3-devkitc-1/firmware.elf
Advanced Memory Usage is available via "PlatformIO Home > Project Inspect"
RAM:   [=         ]   8.1% (used 26508 bytes from 327680 bytes)
Flash: [=         ]  12.9% (used 430587 bytes from 3342336 bytes)
Building .pio/build/esp32-s3-devkitc-1/firmware.bin with action:
  $OBJCOPY $ELF2BINFLAGS -o "$TARGET" "$SOURCES"
Building .pio/build/esp32-s3-devkitc-1/firmware.bin
esptool v5.4.0
Creating ESP32-S3 image...
Merged 3 ELF sections.
Successfully created ESP32-S3 image.
Creating binary "firmware.factory.bin" with:
    Offset   | File
 -  0x0000   | bootloader.bin
 -  0x8000   | partitions.bin
 -  0xe000   | boot_app0.bin
 -  0x10000  | firmware.bin
Successfully created combined binary image.
========================= [SUCCESS] Took 8.87 seconds =========================
